2026-07-26 21:45:17.518 | info     |          Device | Opening user mode device driver (tt_cluster.cpp:228)
2026-07-26 21:45:17.519 | info     |             UMD | Cluster constructor started. (cluster.cpp:378)
2026-07-26 21:45:17.519 | info     |             UMD | Creating TopologyDiscovery for architecture: wormhole_b0 (topology_discovery.cpp:95)
2026-07-26 21:45:17.519 | info     |             UMD | Starting topology discovery. (topology_discovery.cpp:114)
2026-07-26 21:45:17.521 | info     |             UMD | Established firmware bundle version: 19.6.0 (topology_discovery.cpp:574)
2026-07-26 21:45:17.531 | info     |             UMD | Completed topology discovery. (topology_discovery.cpp:118)
2026-07-26 21:45:18.634 | warning  |             UMD | Sysmem (0x80000000 bytes) using regular pages; pre-allocate hugepages for better DMA performance (e.g. 2 × 1GB or 1024 × 2MB; on AArch64 also 4 × 512MB). (silicon_sysmem_manager.cpp:106)
2026-07-26 21:45:18.637 | info     |             UMD | Opening local chip ids/PCIe ids: {0}/[0] and remote chip ids {1} (cluster.cpp:168)
2026-07-26 21:45:18.637 | info     |             UMD | IOMMU: enabled (cluster.cpp:142)
2026-07-26 21:45:18.637 | info     |             UMD | KMD version: 2.10.0 (cluster.cpp:145)
2026-07-26 21:45:18.637 | info     |             UMD | Cluster constructor completed. (cluster.cpp:574)
2026-07-26 21:45:18.639 | info     |             UMD | Starting devices in cluster (cluster.cpp:1092)
2026-07-26 21:45:18.709 | info     |             UMD | Starting devices in cluster completed. (cluster.cpp:1100)
2026-07-26 21:45:18.723 | info     |     Distributed | Using auto discovery to generate mesh graph. (metal_env.cpp:437)
2026-07-26 21:45:18.723 | info     |     Distributed | Constructing control plane using auto-discovery (no mesh graph descriptor). (metal_env.cpp:499)
2026-07-26 21:45:18.723 | warning  |          Always | Unknown motherboard 'H12DSG-O-CPU' for chip_id=1 (bus_id=0xe1) — falling back to bus_id as tray_id. Add this motherboard and its bus IDs to mobo_to_bus_ids in physical_system_discovery.cpp. (physical_system_discovery.cpp:112)
2026-07-26 21:45:18.723 | warning  |          Always | Unknown motherboard 'H12DSG-O-CPU' for chip_id=0 (bus_id=0xe1) — falling back to bus_id as tray_id. Add this motherboard and its bus IDs to mobo_to_bus_ids in physical_system_discovery.cpp. (physical_system_discovery.cpp:112)
2026-07-26 21:45:18.723 | warning  |          Always | Unknown motherboard 'H12DSG-O-CPU' for chip_id=1 (bus_id=0xe1) — falling back to bus_id as tray_id. Add this motherboard and its bus IDs to mobo_to_bus_ids in physical_system_discovery.cpp. (physical_system_discovery.cpp:112)
2026-07-26 21:45:18.723 | warning  |          Always | Unknown motherboard 'H12DSG-O-CPU' for chip_id=0 (bus_id=0xe1) — falling back to bus_id as tray_id. Add this motherboard and its bus IDs to mobo_to_bus_ids in physical_system_discovery.cpp. (physical_system_discovery.cpp:112)
2026-07-26 21:45:18.723 | info     |          Fabric | Logical multi-mesh adjacency: intermesh degree histogram {0:1}; intra-mesh degree histograms mesh0 {1:2} (topology_mapper_utils.cpp:2452)
2026-07-26 21:45:18.723 | info     |          Fabric | Physical multi-mesh adjacency: intermesh degree histogram {0:1}; intra-mesh degree histograms mesh0 {1:2} (topology_mapper_utils.cpp:2460)
2026-07-26 21:45:19.703 | info     |       LLRuntime | Watcher log file: /home/user/src/tt-rqm-kernels-su4q-multiqubit-n300/generated/watcher/watcher.log (watcher_server.cpp:296)
2026-07-26 21:45:19.703 | info     |       LLRuntime | Watcher attached device 0 (watcher_server.cpp:133)
2026-07-26 21:45:19.703 | info     |       LLRuntime | Watcher attached device 1 (watcher_server.cpp:133)
2026-07-26 21:45:19.704 | info     |       LLRuntime | Watcher server initialized, disabled features: None (watcher_server.cpp:565)
2026-07-26 21:45:19.704 | info     |           Metal | Watcher checking device 0 (watcher_device_reader.cpp:412)
2026-07-26 21:45:19.711 | info     |           Metal | Watcher checking device 1 (watcher_device_reader.cpp:412)
2026-07-26 21:45:24.468 | info     |           Metal | [Real-time profiler] Device 0 sync complete: 100 samples, frequency=0.985498 GHz, device_time_at_sync=13541089847 cycles (realtime_profiler_manager.cpp:1397)
2026-07-26 21:45:49.760 | info     |           Metal | Watcher checking device 0 (watcher_device_reader.cpp:412)
2026-07-26 21:45:49.760 | warning  |           Metal | Watcher detected NOC error and stopped device: (watcher_device_reader.cpp:801)
2026-07-26 21:45:49.760 | warning  |           Metal | Device 0 worker core(x= 0,y= 0) virtual(x=18,y=18): NCRISC using noc0 tried to unicast read 16 bytes to local L1[0x037cc0] from DRAM core w/ virtual coords 0-11 DRAM[addr=0x00102050] (invalid address alignment in NOC transaction). (watcher_device_reader.cpp:802)
2026-07-26 21:45:49.760 | info     |           Metal | Last waypoint: CWFW,NARW,   K,MWDD,   K (watcher_device_reader.cpp:1116)
2026-07-26 21:45:49.760 | info     |           Metal | While running kernels: (watcher_device_reader.cpp:1332)
2026-07-26 21:45:49.760 | info     |           Metal |  BRISC: /home/user/src/tt-rqm-kernels-su4q-multiqubit-n300/experimental/tt_metalium_su4q_statevector/kernels/scatter_writer.cpp (watcher_device_reader.cpp:1334)
2026-07-26 21:45:49.760 | info     |           Metal |  NCRISC: /home/user/src/tt-rqm-kernels-su4q-multiqubit-n300/experimental/tt_metalium_su4q_statevector/kernels/gather_reader.cpp (watcher_device_reader.cpp:1334)
2026-07-26 21:45:49.760 | info     |           Metal |  TRISC0: /home/user/src/tt-rqm-kernels-su4q-multiqubit-n300/experimental/tt_metalium_su4q_statevector/kernels/fused_compute.cpp (watcher_device_reader.cpp:1334)
2026-07-26 21:45:49.760 | info     |           Metal |  TRISC1: /home/user/src/tt-rqm-kernels-su4q-multiqubit-n300/experimental/tt_metalium_su4q_statevector/kernels/fused_compute.cpp (watcher_device_reader.cpp:1334)
2026-07-26 21:45:49.760 | info     |           Metal |  TRISC2: /home/user/src/tt-rqm-kernels-su4q-multiqubit-n300/experimental/tt_metalium_su4q_statevector/kernels/fused_compute.cpp (watcher_device_reader.cpp:1334)
2026-07-26 21:45:49.761 | critical |          Always | TT_THROW: Device 0 worker core(x= 0,y= 0) virtual(x=18,y=18): NCRISC using noc0 tried to unicast read 16 bytes to local L1[0x037cc0] from DRAM core w/ virtual coords 0-11 DRAM[addr=0x00102050] (invalid address alignment in NOC transaction). (assert.hpp:104)
terminate called after throwing an instance of 'std::runtime_error'
  what():  TT_THROW @ /home/user/src/tt-metal-qmul-review-20260726/tt_metal/impl/debug/watcher_device_reader.cpp:808: tt::exception
info:
Device 0 worker core(x= 0,y= 0) virtual(x=18,y=18): NCRISC using noc0 tried to unicast read 16 bytes to local L1[0x037cc0] from DRAM core w/ virtual coords 0-11 DRAM[addr=0x00102050] (invalid address alignment in NOC transaction).
backtrace:
 --- /home/user/build-qmul-review-20260726/tt_metal/libtt_metal.so(+0x853c59) [0x74c6c7e53c59]
 --- tt::tt_metal::WatcherDeviceReader::Core::DumpNocSanitizeStatus(int) const
 --- tt::tt_metal::WatcherDeviceReader::Core::Dump() const
 --- tt::tt_metal::WatcherDeviceReader::Dump(_IO_FILE*)
 --- tt::tt_metal::WatcherServer::Impl::dump(_IO_FILE*)
 --- tt::tt_metal::WatcherServer::Impl::poll_watcher_data()
 --- /lib/x86_64-linux-gnu/libstdc++.so.6(+0xdc253) [0x74c6c6cdc253]
 --- /lib/x86_64-linux-gnu/libc.so.6(+0x94ac3) [0x74c6c6894ac3]
 --- /lib/x86_64-linux-gnu/libc.so.6(+0x1268d0) [0x74c6c69268d0]

