2026-07-26 21:52:03.567 | info     |          Device | Opening user mode device driver (tt_cluster.cpp:228)
2026-07-26 21:52:03.567 | info     |             UMD | Cluster constructor started. (cluster.cpp:378)
2026-07-26 21:52:03.567 | info     |             UMD | Creating TopologyDiscovery for architecture: wormhole_b0 (topology_discovery.cpp:95)
2026-07-26 21:52:03.567 | info     |             UMD | Starting topology discovery. (topology_discovery.cpp:114)
2026-07-26 21:52:03.570 | info     |             UMD | Established firmware bundle version: 19.6.0 (topology_discovery.cpp:574)
2026-07-26 21:52:03.580 | info     |             UMD | Completed topology discovery. (topology_discovery.cpp:118)
2026-07-26 21:52:04.678 | warning  |             UMD | Sysmem (0x80000000 bytes) using regular pages; pre-allocate hugepages for better DMA performance (e.g. 2 × 1GB or 1024 × 2MB; on AArch64 also 4 × 512MB). (silicon_sysmem_manager.cpp:106)
2026-07-26 21:52:04.682 | info     |             UMD | Opening local chip ids/PCIe ids: {0}/[0] and remote chip ids {1} (cluster.cpp:168)
2026-07-26 21:52:04.682 | info     |             UMD | IOMMU: enabled (cluster.cpp:142)
2026-07-26 21:52:04.682 | info     |             UMD | KMD version: 2.10.0 (cluster.cpp:145)
2026-07-26 21:52:04.682 | info     |             UMD | Cluster constructor completed. (cluster.cpp:574)
2026-07-26 21:52:04.684 | info     |             UMD | Starting devices in cluster (cluster.cpp:1092)
2026-07-26 21:52:04.760 | info     |             UMD | Starting devices in cluster completed. (cluster.cpp:1100)
2026-07-26 21:52:04.774 | info     |     Distributed | Using auto discovery to generate mesh graph. (metal_env.cpp:437)
2026-07-26 21:52:04.774 | info     |     Distributed | Constructing control plane using auto-discovery (no mesh graph descriptor). (metal_env.cpp:499)
2026-07-26 21:52:04.774 | warning  |          Always | Unknown motherboard 'H12DSG-O-CPU' for chip_id=1 (bus_id=0xe1) — falling back to bus_id as tray_id. Add this motherboard and its bus IDs to mobo_to_bus_ids in physical_system_discovery.cpp. (physical_system_discovery.cpp:112)
2026-07-26 21:52:04.774 | warning  |          Always | Unknown motherboard 'H12DSG-O-CPU' for chip_id=0 (bus_id=0xe1) — falling back to bus_id as tray_id. Add this motherboard and its bus IDs to mobo_to_bus_ids in physical_system_discovery.cpp. (physical_system_discovery.cpp:112)
2026-07-26 21:52:04.774 | warning  |          Always | Unknown motherboard 'H12DSG-O-CPU' for chip_id=1 (bus_id=0xe1) — falling back to bus_id as tray_id. Add this motherboard and its bus IDs to mobo_to_bus_ids in physical_system_discovery.cpp. (physical_system_discovery.cpp:112)
2026-07-26 21:52:04.774 | warning  |          Always | Unknown motherboard 'H12DSG-O-CPU' for chip_id=0 (bus_id=0xe1) — falling back to bus_id as tray_id. Add this motherboard and its bus IDs to mobo_to_bus_ids in physical_system_discovery.cpp. (physical_system_discovery.cpp:112)
2026-07-26 21:52:04.775 | info     |          Fabric | Logical multi-mesh adjacency: intermesh degree histogram {0:1}; intra-mesh degree histograms mesh0 {1:2} (topology_mapper_utils.cpp:2452)
2026-07-26 21:52:04.775 | info     |          Fabric | Physical multi-mesh adjacency: intermesh degree histogram {0:1}; intra-mesh degree histograms mesh0 {1:2} (topology_mapper_utils.cpp:2460)
2026-07-26 21:52:05.715 | info     |       LLRuntime | Watcher log file: /home/user/src/tt-rqm-kernels-su4q-multiqubit-n300/generated/watcher/watcher.log (watcher_server.cpp:296)
2026-07-26 21:52:05.715 | info     |       LLRuntime | Watcher attached device 0 (watcher_server.cpp:133)
2026-07-26 21:52:05.715 | info     |       LLRuntime | Watcher attached device 1 (watcher_server.cpp:133)
2026-07-26 21:52:05.715 | info     |       LLRuntime | Watcher server initialized, disabled features: None (watcher_server.cpp:565)
2026-07-26 21:52:05.715 | info     |           Metal | Watcher checking device 0 (watcher_device_reader.cpp:412)
2026-07-26 21:52:05.722 | info     |           Metal | Watcher checking device 1 (watcher_device_reader.cpp:412)
2026-07-26 21:52:10.450 | info     |           Metal | [Real-time profiler] Device 0 sync complete: 100 samples, frequency=0.985497 GHz, device_time_at_sync=13477062772 cycles (realtime_profiler_manager.cpp:1397)
2026-07-26 21:52:20.742 | info     |           Metal | Watcher checking device 0 (watcher_device_reader.cpp:412)
2026-07-26 21:52:20.750 | info     |           Metal | Watcher checking device 1 (watcher_device_reader.cpp:412)
2026-07-26 21:52:35.771 | info     |           Metal | Watcher checking device 0 (watcher_device_reader.cpp:412)
2026-07-26 21:52:35.778 | info     |           Metal | Watcher checking device 1 (watcher_device_reader.cpp:412)
2026-07-26 21:52:50.799 | info     |           Metal | Watcher checking device 0 (watcher_device_reader.cpp:412)
2026-07-26 21:52:50.806 | info     |           Metal | Watcher checking device 1 (watcher_device_reader.cpp:412)
2026-07-26 21:53:05.827 | info     |           Metal | Watcher checking device 0 (watcher_device_reader.cpp:412)
2026-07-26 21:53:05.834 | info     |           Metal | Watcher checking device 1 (watcher_device_reader.cpp:412)
2026-07-26 21:53:20.855 | info     |           Metal | Watcher checking device 0 (watcher_device_reader.cpp:412)
2026-07-26 21:53:20.862 | info     |           Metal | Watcher checking device 1 (watcher_device_reader.cpp:412)
2026-07-26 21:53:35.883 | info     |           Metal | Watcher checking device 0 (watcher_device_reader.cpp:412)
2026-07-26 21:53:35.890 | info     |           Metal | Watcher checking device 1 (watcher_device_reader.cpp:412)
